INFO:     Started server process [26051]
INFO:     Waiting for application startup.
2026-09-05 23:07:05,967 - auralis.api - INFO - Device selected: mps
2026-09-05 23:07:06,019 - auralis.api - INFO - Coronium V3.1 loaded: 206,875 parameters, checkpoint: best_coronium_v3_1.pth, device: mps
2026-09-05 23:07:06,022 - auralis.api - INFO - ONNX Runtime session ready: best_coronium_v3_1.onnx
INFO:     Application startup complete.
INFO:     Uvicorn running on http://127.0.0.1:8000 (Press CTRL+C to quit)
INFO:     127.0.0.1:53221 - "GET /health HTTP/1.1" 200 OK
2026-09-05 23:07:44,935 - auralis.api - INFO - Prediction for hmi.m_45s.2016.11.12_00_01_30_TAI.magnetogram_processed.npy: sunspot_index=1.3676, uncertainty=0.0004, class=C, confidence=0.99
INFO:     127.0.0.1:53222 - "GET /api/predict/hmi.m_45s.2016.11.12_00_01_30_TAI.magnetogram_processed.npy HTTP/1.1" 200 OK
2026-09-05 23:07:44,940 - auralis.api - WARNING - Skipping experiment file exp_004_v3pro_final.json: 3 validation errors for ExperimentEntry
metrics.final_mae
  Field required [type=missing, input_value={'mae_z_space': 0.138, 'r...'mc_dropout_passes': 20}, input_type=dict]
    For further information visit https://errors.pydantic.dev/2.12/v/missing
metrics.final_rmse
  Field required [type=missing, input_value={'mae_z_space': 0.138, 'r...'mc_dropout_passes': 20}, input_type=dict]
    For further information visit https://errors.pydantic.dev/2.12/v/missing
metrics.best_val_loss
  Field required [type=missing, input_value={'mae_z_space': 0.138, 'r...'mc_dropout_passes': 20}, input_type=dict]
    For further information visit https://errors.pydantic.dev/2.12/v/missing
2026-09-05 23:07:44,944 - auralis.api - WARNING - Skipping experiment file results_benchmarking.json: 12 validation errors for ExperimentEntry
run_name
  Field required [type=missing, input_value={'run_id': 'benchmarking_...ults_benchmarking.json'}, input_type=dict]
    For further information visit https://errors.pydantic.dev/2.12/v/missing
model_name
  Field required [type=missing, input_value={'run_id': 'benchmarking_...ults_benchmarking.json'}, input_type=dict]
    For further information visit https://errors.pydantic.dev/2.12/v/missing
weights_file
  Field required [type=missing, input_value={'run_id': 'benchmarking_...ults_benchmarking.json'}, input_type=dict]
    For further information visit https://errors.pydantic.dev/2.12/v/missing
hyperparameters.dropout_rate
  Field required [type=missing, input_value={'epochs': 30, 'learning_...er': 'Adam', 'seed': 42}, input_type=dict]
    For further information visit https://errors.pydantic.dev/2.12/v/missing
hyperparameters.scheduler
  Field required [type=missing, input_value={'epochs': 30, 'learning_...er': 'Adam', 'seed': 42}, input_type=dict]
    For further information visit https://errors.pydantic.dev/2.12/v/missing
hyperparameters.max_epochs
  Field required [type=missing, input_value={'epochs': 30, 'learning_...er': 'Adam', 'seed': 42}, input_type=dict]
    For further information visit https://errors.pydantic.dev/2.12/v/missing
hyperparameters.early_stopping_patience
  Field required [type=missing, input_value={'epochs': 30, 'learning_...er': 'Adam', 'seed': 42}, input_type=dict]
    For further information visit https://errors.pydantic.dev/2.12/v/missing
hyperparameters.epochs_run
  Field required [type=missing, input_value={'epochs': 30, 'learning_...er': 'Adam', 'seed': 42}, input_type=dict]
    For further information visit https://errors.pydantic.dev/2.12/v/missing
dataset.augmentation
  Field required [type=missing, input_value={'total_samples': 1763, '...: 352, 'val_split': 0.2}, input_type=dict]
    For further information visit https://errors.pydantic.dev/2.12/v/missing
metrics
  Field required [type=missing, input_value={'run_id': 'benchmarking_...ults_benchmarking.json'}, input_type=dict]
    For further information visit https://errors.pydantic.dev/2.12/v/missing
environment
  Field required [type=missing, input_value={'run_id': 'benchmarking_...ults_benchmarking.json'}, input_type=dict]
    For further information visit https://errors.pydantic.dev/2.12/v/missing
notes
  Field required [type=missing, input_value={'run_id': 'benchmarking_...ults_benchmarking.json'}, input_type=dict]
    For further information visit https://errors.pydantic.dev/2.12/v/missing
INFO:     127.0.0.1:53226 - "GET /api/experiments HTTP/1.1" 200 OK
